// Jest Snapshot v1, https://goo.gl/fbAQLP

exports[`Col renders 1`] = `
<Col
  className="padding"
  xs={true}
>
  <div
    className="col-xs col-xs-offset col-sm-offset col-md-offset col-lg-offset col-xl-offset padding"
  >
    Some content
  </div>
</Col>
`;
